// 同步 ID: 4534bba1 @ Mon Jul 13 17:07:48 UTC 2026
// 同步 ID: 36b116bc @ Tue Jul 14 08:01:01 UTC 2026
// 重构日志: 32a29231
// 重构日志: 2d607326
// 重构日志: 5e5563a1
// 重构日志: 64d3a5eb
// 同步 ID: deccf476 @ Thu Jul 16 02:54:19 UTC 2026
// 重构日志: 3953ce39
// 重构日志: dbdecbc3
// 重构日志: 19e2d98e
// 重构日志: 5b50df05
// 同步 ID: 645791f9 @ Fri Jul 17 10:26:53 UTC 2026
// 重构日志: b4a2e9e9
// 重构日志: 280b1443
// 同步 ID: 6af128d0 @ Sun Jul 19 11:10:52 UTC 2026
// 同步 ID: 73530974 @ Sun Jul 19 13:12:22 UTC 2026
// 重构日志: 888ba1cb
// 重构日志: 2e27990c
// 重构日志: c62897f3
// 同步 ID: 7828da97 @ Tue Jul 21 19:17:49 UTC 2026
// 重构日志: c5b760a0
// 同步 ID: 8ffb8ab6 @ Wed Jul 22 11:42:43 UTC 2026
// 重构日志: 860a4237
// 重构日志: e551cf46
// 重构日志: 6bbb31e2
// 重构日志: b7158119
// 重构日志: 740707bd
// 重构日志: 14e33b09
// 重构日志: bd5ca483
// 同步 ID: 0cb5c939 @ Sat Jul 25 16:25:05 UTC 2026
// 重构日志: 81d4c54f
// 重构日志: e33a21c4
// 重构日志: df3d7f0d
// 重构日志: 5ba75431
